// Jest Snapshot v1, https://goo.gl/fbAQLP

exports[`<ForgotPwdLink /> component renders correctly 1`] = `
ForgotPwdLink {
  "$$": Object {
    "after_update": Array [],
    "before_update": Array [],
    "bound": Object {},
    "callbacks": Object {},
    "context": Map {},
    "ctx": Array [],
    "dirty": Array [
      -1,
    ],
    "fragment": Object {
      "c": [Function],
      "d": [Function],
      "i": [Function],
      "l": [Function],
      "m": [Function],
      "o": [Function],
      "p": [Function],
    },
    "not_equal": [Function],
    "on_destroy": Array [
      [Function],
    ],
    "on_disconnect": Array [],
    "on_mount": Array [],
    "props": Object {},
    "root": <div>
      <a
        class="mbs-2 svelte-1u7l9fe"
        href="/forgotpassword"
        sveltekit:prefetch="true"
      >
        Forgot password?
      </a>
    </div>,
    "skip_bound": false,
    "update": [Function],
  },
  "$capture_state": [Function],
}
`;
