// Jest Snapshot v1, https://goo.gl/fbAQLP

exports[`<SigninForm /> component renders correctly 1`] = `
SigninForm {
  "$$": Object {
    "after_update": Array [],
    "before_update": Array [],
    "bound": Object {},
    "callbacks": Object {},
    "context": Map {},
    "ctx": Array [
      false,
      "",
      "",
      [Function],
      [Function],
      [Function],
    ],
    "dirty": Array [
      -1,
    ],
    "fragment": Object {
      "c": [Function],
      "d": [Function],
      "i": [Function],
      "l": [Function],
      "m": [Function],
      "o": [Function],
      "p": [Function],
    },
    "not_equal": [Function],
    "on_destroy": Array [
      [Function],
    ],
    "on_disconnect": Array [],
    "on_mount": Array [],
    "props": Object {
      "signin": 5,
      "submitting": 0,
    },
    "root": <div>
      <form
        autocomplete="on"
        class="svelte-1i4vv2l"
        name="Signin"
      >
        <div
          class="container svelte-1ulq3bj"
          data-required="true"
          data-sr-only="false"
        >
          <label
            class="svelte-1ulq3bj"
            for="email"
          >
            Email
          </label>
           
          <input
            class="svelte-1ulq3bj"
            id="email"
            required=""
            title="Please enter your email."
            type="email"
          />
           
        </div>
         
        <div
          class="container svelte-1ulq3bj"
          data-required="true"
          data-sr-only="false"
        >
          <label
            class="svelte-1ulq3bj"
            for="password"
          >
            Password
          </label>
           
          <input
            class="svelte-1ulq3bj"
            id="password"
            required=""
            title="Please enter your password."
            type="password"
          />
           
        </div>
         
        <button
          class="mbs-2 svelte-1dsjpe6"
          data-type="primary"
          type="button"
        >
          Sign in
        </button>
        
         
        <input
          hidden=""
          id="Signin_submit"
          type="submit"
        />
      </form>
    </div>,
    "skip_bound": false,
    "update": [Function],
  },
  "$$set": [Function],
  "$capture_state": [Function],
  "$inject_state": [Function],
}
`;
